bmsce@bmsce-OptiPlex-3060:~$ script
Script started, file is typescript
bmsce@bmsce-OptiPlex-3060:~$ nano
bmsce@bmsce-OptiPlex-3060:~$ sh combi.sh
combination of 1 2 3 are:
1 1
1 2
1 3
2 1
2 2
2 3
3 1
3 2
3 3
1 1
1 2
1 3
2 1
2 2
2 3
3 1
3 2
3 3
1 1
1 2
1 3
2 1
2 2
2 3
3 1
3 2
3 3
bmsce@bmsce-OptiPlex-3060:~$ nano combi.sh
bmsce@bmsce-OptiPlex-3060:~$ sh combi.sh
combination of 1 2 3 are:
1 1
1 2
1 3
2 1
2 2
2 3
3 1
3 2
3 3
1 1
1 2
1 3
2 1
2 2
2 3
3 1
3 2
3 3
1 1
1 2
1 3
2 1
2 2
2 3
3 1
3 2
3 3
bmsce@bmsce-OptiPlex-3060:~$ nano combi.sh
bmsce@bmsce-OptiPlex-3060:~$ sh combi.sh
combination of 1 2 3 are:
 1 1
 1 2
 1 3
 2 1
 2 2
 2 3
 3 1
 3 2
 3 3
 1 1
 1 2
 1 3
 2 1
 2 2
 2 3
 3 1
 3 2
 3 3
 1 1
 1 2
 1 3
 2 1
 2 2
 2 3
 3 1
 3 2
 3 3
bmsce@bmsce-OptiPlex-3060:~$ nano combi.sh
bmsce@bmsce-OptiPlex-3060:~$ sh combi.sh
combination of 1 2 3 are:
11
12
13
21
22
23
31
32
33
11
12
13
21
22
23
31
32
33
11
12
13
21
22
23
31
32
33
bmsce@bmsce-OptiPlex-3060:~$ nano combi.sh
bmsce@bmsce-OptiPlex-3060:~$ sh combi.sh
combination of 1 2 3 are:
111
112
113
121
122
123
131
132
133
211
212
213
221
222
223
231
232
233
311
312
313
321
322
323
331
332
333
bmsce@bmsce-OptiPlex-3060:~$ nano
bmsce@bmsce-OptiPlex-3060:~$ nano
bmsce@bmsce-OptiPlex-3060:~$ sh fibonacci.sh
fibonacci.sh: 2: echoEnter the limit for the fibonacci series: not found
lim: No such file or directory
       
?

?
^X
?
nano fibonacci.sh
?
Fibonacci series:
0
1
fibonacci.sh: 18: Syntax error: Unterminated quoted string
bmsce@bmsce-OptiPlex-3060:~$ sh fibonacci.sh
fibonacci.sh: 2: echoEnter the limit for the fibonacci series: not found
lim: No such file or directory
Fibonacci series:
0
1
fibonacci.sh: 18: Syntax error: Unterminated quoted string
bmsce@bmsce-OptiPlex-3060:~$ nano fibonacci.sh
bmsce@bmsce-OptiPlex-3060:~$ sh fibonacci.sh
fibonacci.sh: 2: echoEnter the limit for the fibonacci series: not found
lim: No such file or directory
Fibonacci series:
0
1
fibonacci.sh: 18: Syntax error: Unterminated quoted string
bmsce@bmsce-OptiPlex-3060:~$ nano fibonacci.sh
bmsce@bmsce-OptiPlex-3060:~$ sh fibonacci.sh
fibonacci.sh: 2: echoEnter the limit for the fibonacci series: not found
lim: No such file or directory
Fibonacci series:
0
1
fibonacci.sh: 18: Syntax error: Unterminated quoted string
bmsce@bmsce-OptiPlex-3060:~$ nano fibonacci.sh
bmsce@bmsce-OptiPlex-3060:~$ sh fibonacci.sh
fibonacci.sh: 2: echoEnter the limit for the fibonacci series: not found
lim: No such file or directory
Fibonacci series:
0
1
fibonacci.sh: 10: [: missing ]
bmsce@bmsce-OptiPlex-3060:~$ nano fibonacci.sh
bmsce@bmsce-OptiPlex-3060:~$ sh fibonacci.sh
fibonacci.sh: 2: echoEnter the limit for the fibonacci series: not found
lim: No such file or directory
Fibonacci series:
0
1
fibonacci.sh: 10: [: missing ]
bmsce@bmsce-OptiPlex-3060:~$ nano fibonacci.sh
bmsce@bmsce-OptiPlex-3060:~$ sh fibonacci.sh
fibonacci.sh: 2: echoEnter the limit for the fibonacci series: not found
Fibonacci series:
0
1
fibonacci.sh: 10: [: missing ]
bmsce@bmsce-OptiPlex-3060:~$ nano fibonacci.sh
bmsce@bmsce-OptiPlex-3060:~$ sh fibonacci.sh
fibonacci.sh: 1: s#!/bin/bash: not found
fibonacci.sh: 2: echoEnter the limit for the fibonacci series: not found
Fibonacci series:
0
1
fibonacci.sh: 10: [: missing ]
bmsce@bmsce-OptiPlex-3060:~$ nano fibonacci.sh
bmsce@bmsce-OptiPlex-3060:~$ sh fibonacci.sh
fibonacci.sh: 1: s#!/bin/bash: not found
fibonacci.sh: 2: echoEnter the limit for the fibonacci series: not found
Fibonacci series:
0
1
fibonacci.sh: 10: [: missing ]
bmsce@bmsce-OptiPlex-3060:~$ nano fibonacci.sh
bmsce@bmsce-OptiPlex-3060:~$ sh fibonacci.sh
fibonacci.sh: 2: echoEnter the limit for the fibonacci series: not found
Fibonacci series:
0
1
bmsce@bmsce-OptiPlex-3060:~$ nano fibonacci.sh
bmsce@bmsce-OptiPlex-3060:~$ sh fibonacci.sh
fibonacci.sh: 2: echoEnter the limit for the fibonacci series: not found
Fibonacci series:
0
1
bmsce@bmsce-OptiPlex-3060:~$ nano fibonacci.sh
bmsce@bmsce-OptiPlex-3060:~$ sh fibonacci.sh
fibonacci.sh: 2: echoEnter the limit for the fibonacci series: not found
Fibonacci series:
0
1
bmsce@bmsce-OptiPlex-3060:~$ nano fibonacci.sh
bmsce@bmsce-OptiPlex-3060:~$ sh fibonacci.sh
fibonacci.sh: 2: echoEnter the limit for the fibonacci series: not found
5  
Fibonacci series:
0
1
$n3
$n3
$n3
$n3
$n3
bmsce@bmsce-OptiPlex-3060:~$ nano
bmsce@bmsce-OptiPlex-3060:~$ sh fib.sh
Enter the value of n
5
The sum of first 5 natural numbers is 15
bmsce@bmsce-OptiPlex-3060:~$ nano
bmsce@bmsce-OptiPlex-3060:~$ sh fibo.sh
Enter the limit
5
Fibonacci Series is
1
2
3
5
8
bmsce@bmsce-OptiPlex-3060:~$ nano
bmsce@bmsce-OptiPlex-3060:~$ sh power.sh
Enter the number
6
Enter it's power
8
The result of x^n is 1679616
bmsce@bmsce-OptiPlex-3060:~$ 
